// Jest Snapshot v1, https://goo.gl/fbAQLP

exports[`TapFunctionHeader コンポーネント 正しくレンダリングされること 1`] = `
<View
  accessibilityState={
    {
      "busy": undefined,
      "checked": undefined,
      "disabled": undefined,
      "expanded": undefined,
      "selected": undefined,
    }
  }
  accessibilityValue={
    {
      "max": undefined,
      "min": undefined,
      "now": undefined,
      "text": undefined,
    }
  }
  accessible={true}
  collapsable={false}
  focusable={true}
  onClick={[Function]}
  onResponderGrant={[Function]}
  onResponderMove={[Function]}
  onResponderRelease={[Function]}
  onResponderTerminate={[Function]}
  onResponderTerminationRequest={[Function]}
  onStartShouldSetResponder={[Function]}
  style={
    {
      "opacity": 1,
    }
  }
>
  <View
    style={
      {
        "alignItems": "center",
        "backgroundColor": "#1E74BD",
        "flexDirection": "row",
        "flexWrap": "wrap",
        "height": 40,
        "justifyContent": "space-between",
        "padding": 5,
        "zIndex": 1,
      }
    }
  >
    <Text
      style={
        {
          "color": "white",
          "flex": 1,
          "fontFamily": "ipaexg",
          "fontSize": 16,
          "fontWeight": "bold",
          "justifyContent": "center",
          "marginLeft": 10,
          "textAlign": "left",
        }
      }
    >
      App
    </Text>
    <Text
      style={
        {
          "alignSelf": "center",
          "color": "white",
          "flex": 1,
          "fontFamily": "ipaexg",
          "fontSize": 20,
          "fontWeight": "bold",
          "justifyContent": "center",
          "textAlign": "center",
        }
      }
    >
      View
    </Text>
    <Text
      style={
        {
          "color": "white",
          "flex": 1,
          "fontFamily": "ipaexg",
          "fontSize": 16,
          "fontWeight": "bold",
          "justifyContent": "center",
          "textAlign": "right",
        }
      }
    >
      Function
    </Text>
  </View>
</View>
`;
